// Jest Snapshot v1, https://goo.gl/fbAQLP

exports[`Button Component renders correctly 1`] = `
<button
  className="sc-bczRLJ gPslix"
  data-testid="testid"
  onClick={[MockFunction]}
>
  test
</button>
`;
